../Core/Src/main.c:64:6:delay_us	16	static
../Core/Src/main.c:70:6:delay_ms	24	static
../Core/Src/main.c:76:6:DHT_SetPinOut	24	static
../Core/Src/main.c:84:6:DHT_SetPinIn	24	static
../Core/Src/main.c:93:6:DHT_WritePin	16	static
../Core/Src/main.c:97:16:DHT_ReadPin	16	static
../Core/Src/main.c:104:9:DHT_Start	16	static
../Core/Src/main.c:129:9:DHT_Read	16	static
../Core/Src/main.c:149:6:DHT_ReadTempHum	16	static
../Core/Src/main.c:177:5:main	8	static
../Core/Src/main.c:243:6:SystemClock_Config	72	static
../Core/Src/main.c:283:13:MX_I2C1_Init	8	static
../Core/Src/main.c:317:13:MX_TIM2_Init	32	static
../Core/Src/main.c:362:13:MX_GPIO_Init	40	static
../Core/Src/main.c:395:6:Error_Handler	4	static,ignoring_inline_asm
