../Core/Src/main.c:63:6:CanTx_Init	8	static
../Core/Src/main.c:72:6:CanRx_Init_Mask	8	static
../Core/Src/main.c:94:9:CanRx_Init_List	8	static
../Core/Src/main.c:112:9:CanRx_Init_List1	8	static
../Core/Src/main.c:131:6:Send_Buffer	24	static
../Core/Src/main.c:143:6:Send_CAN	24	static
../Core/Src/main.c:221:5:main	8	static
../Core/Src/main.c:271:6:SystemClock_Config	72	static
../Core/Src/main.c:311:13:MX_CAN_Init	8	static
../Core/Src/main.c:348:13:MX_GPIO_Init	40	static
../Core/Src/main.c:389:6:Error_Handler	4	static,ignoring_inline_asm
