16:03:19 **** Incremental Build of configuration Debug for project SPI_Slave ****
make -j4 all 
arm-none-eabi-gcc "../Core/Src/main.c" -mcpu=cortex-m3 -std=gnu11 -g3 -DDEBUG -DUSE_HAL_DRIVER -DSTM32F103xB -c -I../Core/Inc -I../Drivers/STM32F1xx_HAL_Driver/Inc/Legacy -I../Drivers/STM32F1xx_HAL_Driver/Inc -I../Drivers/CMSIS/Device/ST/STM32F1xx/Include -I../Drivers/CMSIS/Include -O0 -ffunction-sections -fdata-sections -Wall -fstack-usage -fcyclomatic-complexity -MMD -MP -MF"Core/Src/main.d" -MT"Core/Src/main.o" --specs=nano.specs -mfloat-abi=soft -mthumb -o "Core/Src/main.o"
arm-none-eabi-gcc -o "SPI_Slave.elf" @"objects.list"   -mcpu=cortex-m3 -T"D:\STM32_Project\SPI_Slave\STM32F103C8TX_FLASH.ld" --specs=nosys.specs -Wl,-Map="SPI_Slave.map" -Wl,--gc-sections -static --specs=nano.specs -mfloat-abi=soft -mthumb -Wl,--start-group -lc -lm -Wl,--end-group
Finished building target: SPI_Slave.elf
 
arm-none-eabi-size   SPI_Slave.elf 
arm-none-eabi-objdump -h -S  SPI_Slave.elf  > "SPI_Slave.list"
   text	   data	    bss	    dec	    hex	filename
   8040	     20	   1660	   9720	   25f8	SPI_Slave.elf
Finished building: default.size.stdout
 
Finished building: SPI_Slave.list
 

16:03:20 Build Finished. 0 errors, 0 warnings. (took 1s.415ms)

