09:47:48 **** Incremental Build of configuration Debug for project uart_Ring_buffer ****
make -j4 all 
arm-none-eabi-gcc "../Core/Src/main.c" -mcpu=cortex-m3 -std=gnu11 -g3 -DDEBUG -DUSE_HAL_DRIVER -DSTM32F103xB -c -I../Core/Inc -I../Drivers/STM32F1xx_HAL_Driver/Inc/Legacy -I../Drivers/STM32F1xx_HAL_Driver/Inc -I../Drivers/CMSIS/Device/ST/STM32F1xx/Include -I../Drivers/CMSIS/Include -O0 -ffunction-sections -fdata-sections -Wall -fstack-usage -fcyclomatic-complexity -MMD -MP -MF"Core/Src/main.d" -MT"Core/Src/main.o" --specs=nano.specs -mfloat-abi=soft -mthumb -o "Core/Src/main.o"
arm-none-eabi-gcc -o "uart_Ring_buffer.elf" @"objects.list"   -mcpu=cortex-m3 -T"D:\STM32_Project\uart_Ring_buffer\STM32F103C8TX_FLASH.ld" --specs=nosys.specs -Wl,-Map="uart_Ring_buffer.map" -Wl,--gc-sections -static --specs=nano.specs -mfloat-abi=soft -mthumb -Wl,--start-group -lc -lm -Wl,--end-group
Finished building target: uart_Ring_buffer.elf
 
arm-none-eabi-size   uart_Ring_buffer.elf 
arm-none-eabi-objdump -h -S  uart_Ring_buffer.elf  > "uart_Ring_buffer.list"
   text	   data	    bss	    dec	    hex	filename
   6152	     20	   1796	   7968	   1f20	uart_Ring_buffer.elf
Finished building: default.size.stdout
 
Finished building: uart_Ring_buffer.list
 

09:47:50 Build Finished. 0 errors, 0 warnings. (took 1s.191ms)

